[13-08-2026 10:05:32]> INFO:       Загружаю конфиг _main.cfg...
[13-08-2026 10:05:32]> INFO:       Загружаю конфиг auto_response.cfg...
[13-08-2026 10:05:32]> INFO:       Загружаю конфиг auto_delivery.cfg...
[13-08-2026 10:05:32]> INFO:       Хэндлеры из handlers.py зарегистрированы.
[13-08-2026 10:05:32]> INFO:       Хэндлеры из announcements.py зарегистрированы.
[13-08-2026 10:05:32]> INFO:       Хэндлеры из plugins.copy_lots_plugin.py зарегистрированы.
[13-08-2026 10:05:32]> INFO:       Хэндлеры из plugins.list_old_orders.py зарегистрированы.
[13-08-2026 10:05:32]> INFO:       Хэндлеры из plugins.old_keyboard_plugin.py зарегистрированы.
[13-08-2026 10:05:32]> INFO:       Telegram бот инициализирован.
[13-08-2026 10:05:32]> INFO:       Хэндлеры из tg_bot.auto_response_cp.py зарегистрированы.
[13-08-2026 10:05:32]> INFO:       Хэндлеры из tg_bot.auto_delivery_cp.py зарегистрированы.
[13-08-2026 10:05:32]> INFO:       Хэндлеры из tg_bot.config_loader_cp.py зарегистрированы.
[13-08-2026 10:05:32]> INFO:       Хэндлеры из tg_bot.templates_cp.py зарегистрированы.
[13-08-2026 10:05:32]> INFO:       Хэндлеры из tg_bot.plugins_cp.py зарегистрированы.
[13-08-2026 10:05:32]> INFO:       Хэндлеры из tg_bot.file_uploader.py зарегистрированы.
[13-08-2026 10:05:33]> INFO:       Telegram бот @funpayajsdaklsd_bot запущен.
[13-08-2026 10:05:33]> ERROR:      Произошла непредвиденная ошибка при получении данных аккаунта.
[13-08-2026 10:05:33]> WARNING:    Повторю попытку через 2 секунды...
[13-08-2026 10:05:50]> ERROR:      Произошла непредвиденная ошибка при получении данных аккаунта.
[13-08-2026 10:05:50]> WARNING:    Повторю попытку через 2 секунды...
[13-08-2026 10:05:53]> ERROR:      Произошла непредвиденная ошибка при получении данных аккаунта.
[13-08-2026 10:05:53]> WARNING:    Повторю попытку через 2 секунды...
[13-08-2026 10:05:58]> ERROR:      Произошла непредвиденная ошибка при получении данных аккаунта.
[13-08-2026 10:05:58]> WARNING:    Повторю попытку через 2 секунды...
[13-08-2026 10:06:07]> ERROR:      Произошла непредвиденная ошибка при получении данных аккаунта.
[13-08-2026 10:06:07]> WARNING:    Повторю попытку через 2 секунды...
[13-08-2026 10:06:11]> ERROR:      Произошла непредвиденная ошибка при получении данных аккаунта.
[13-08-2026 10:06:11]> WARNING:    Повторю попытку через 2 секунды...
